Microsoft Windows [Version 10.0.17134.228]
(c) 2018 Microsoft Corporation. All rights reserved.

C:\Users\cdac>sqlplus

SQL*Plus: Release 11.2.0.2.0 Production on Wed Sep 19 15:43:45 2018

Copyright (c) 1982, 2014, Oracle.  All rights reserved.

Enter user-name: System
Enter password:

Connected to:
Oracle Database 11g Express Edition Release 11.2.0.2.0 - 64bit Production

SQL> select * from tab
  2  select * from tab;
select * from tab
*
ERROR at line 2:
ORA-00933: SQL command not properly ended


SQL> SELECT * FROM TAB;

TNAME                          TABTYPE  CLUSTERID
------------------------------ ------- ----------
AQ$DEF$_AQCALL                 VIEW
AQ$DEF$_AQERROR                VIEW
AQ$_DEF$_AQCALL_F              VIEW
AQ$_DEF$_AQERROR_F             VIEW
AQ$_INTERNET_AGENTS            TABLE
AQ$_INTERNET_AGENT_PRIVS       TABLE
AQ$_QUEUES                     TABLE
AQ$_QUEUE_TABLES               TABLE
AQ$_SCHEDULES                  TABLE
CATALOG                        SYNONYM
COL                            SYNONYM

TNAME                          TABTYPE  CLUSTERID
------------------------------ ------- ----------
DEF$_AQCALL                    TABLE
DEF$_AQERROR                   TABLE
DEF$_CALLDEST                  TABLE
DEF$_DEFAULTDEST               TABLE
DEF$_DESTINATION               TABLE
DEF$_ERROR                     TABLE
DEF$_LOB                       TABLE
DEF$_ORIGIN                    TABLE
DEF$_PROPAGATOR                TABLE
DEF$_PUSHED_TRANSACTIONS       TABLE
HELP                           TABLE

TNAME                          TABTYPE  CLUSTERID
------------------------------ ------- ----------
INTL                           TABLE
LOGMNRC_DBNAME_UID_MAP         TABLE
LOGMNRC_GSBA                   TABLE
LOGMNRC_GSII                   TABLE
LOGMNRC_GTCS                   TABLE
LOGMNRC_GTLO                   TABLE
LOGMNRP_CTAS_PART_MAP          TABLE
LOGMNRT_MDDL$                  TABLE
LOGMNR_AGE_SPILL$              TABLE
LOGMNR_ATTRCOL$                TABLE
LOGMNR_ATTRIBUTE$              TABLE

TNAME                          TABTYPE  CLUSTERID
------------------------------ ------- ----------
LOGMNR_CCOL$                   TABLE
LOGMNR_CDEF$                   TABLE
LOGMNR_COL$                    TABLE
LOGMNR_COLTYPE$                TABLE
LOGMNR_DICTIONARY$             TABLE
LOGMNR_DICTSTATE$              TABLE
LOGMNR_ENC$                    TABLE
LOGMNR_ERROR$                  TABLE
LOGMNR_FILTER$                 TABLE
LOGMNR_GLOBAL$                 TABLE
LOGMNR_GT_TAB_INCLUDE$         TABLE

TNAME                          TABTYPE  CLUSTERID
------------------------------ ------- ----------
LOGMNR_GT_USER_INCLUDE$        TABLE
LOGMNR_GT_XID_INCLUDE$         TABLE
LOGMNR_ICOL$                   TABLE
LOGMNR_IND$                    TABLE
LOGMNR_INDCOMPART$             TABLE
LOGMNR_INDPART$                TABLE
LOGMNR_INDSUBPART$             TABLE
LOGMNR_INTEGRATED_SPILL$       TABLE
LOGMNR_KOPM$                   TABLE
LOGMNR_LOB$                    TABLE
LOGMNR_LOBFRAG$                TABLE

TNAME                          TABTYPE  CLUSTERID
------------------------------ ------- ----------
LOGMNR_LOG$                    TABLE
LOGMNR_LOGMNR_BUILDLOG         TABLE
LOGMNR_NTAB$                   TABLE
LOGMNR_OBJ$                    TABLE
LOGMNR_OPQTYPE$                TABLE
LOGMNR_PARAMETER$              TABLE
LOGMNR_PARTOBJ$                TABLE
LOGMNR_PROCESSED_LOG$          TABLE
LOGMNR_PROPS$                  TABLE
LOGMNR_REFCON$                 TABLE
LOGMNR_RESTART_CKPT$           TABLE

TNAME                          TABTYPE  CLUSTERID
------------------------------ ------- ----------
LOGMNR_RESTART_CKPT_TXINFO$    TABLE
LOGMNR_SEED$                   TABLE
LOGMNR_SESSION$                TABLE
LOGMNR_SESSION_ACTIONS$        TABLE
LOGMNR_SESSION_EVOLVE$         TABLE
LOGMNR_SPILL$                  TABLE
LOGMNR_SUBCOLTYPE$             TABLE
LOGMNR_TAB$                    TABLE
LOGMNR_TABCOMPART$             TABLE
LOGMNR_TABPART$                TABLE
LOGMNR_TABSUBPART$             TABLE

TNAME                          TABTYPE  CLUSTERID
------------------------------ ------- ----------
LOGMNR_TS$                     TABLE
LOGMNR_TYPE$                   TABLE
LOGMNR_UID$                    TABLE
LOGMNR_USER$                   TABLE
LOGSTDBY$APPLY_MILESTONE       TABLE
LOGSTDBY$APPLY_PROGRESS        TABLE
LOGSTDBY$EDS_TABLES            TABLE
LOGSTDBY$EVENTS                TABLE
LOGSTDBY$FLASHBACK_SCN         TABLE
LOGSTDBY$HISTORY               TABLE
LOGSTDBY$PARAMETERS            TABLE

TNAME                          TABTYPE  CLUSTERID
------------------------------ ------- ----------
LOGSTDBY$PLSQL                 TABLE
LOGSTDBY$SCN                   TABLE
LOGSTDBY$SKIP                  TABLE
LOGSTDBY$SKIP_SUPPORT          TABLE
LOGSTDBY$SKIP_TRANSACTION      TABLE
MVIEW$_ADV_AJG                 TABLE
MVIEW$_ADV_BASETABLE           TABLE
MVIEW$_ADV_CLIQUE              TABLE
MVIEW$_ADV_ELIGIBLE            TABLE
MVIEW$_ADV_EXCEPTIONS          TABLE
MVIEW$_ADV_FILTER              TABLE

TNAME                          TABTYPE  CLUSTERID
------------------------------ ------- ----------
MVIEW$_ADV_FILTERINSTANCE      TABLE
MVIEW$_ADV_FJG                 TABLE
MVIEW$_ADV_GC                  TABLE
MVIEW$_ADV_INFO                TABLE
MVIEW$_ADV_JOURNAL             TABLE
MVIEW$_ADV_LEVEL               TABLE
MVIEW$_ADV_LOG                 TABLE
MVIEW$_ADV_OUTPUT              TABLE
MVIEW$_ADV_PARAMETERS          TABLE
MVIEW$_ADV_PLAN                TABLE
MVIEW$_ADV_PRETTY              TABLE

TNAME                          TABTYPE  CLUSTERID
------------------------------ ------- ----------
MVIEW$_ADV_ROLLUP              TABLE
MVIEW$_ADV_SQLDEPEND           TABLE
MVIEW$_ADV_TEMP                TABLE
MVIEW$_ADV_WORKLOAD            TABLE
MVIEW_EVALUATIONS              VIEW
MVIEW_EXCEPTIONS               VIEW
MVIEW_FILTER                   VIEW
MVIEW_FILTERINSTANCE           VIEW
MVIEW_LOG                      VIEW
MVIEW_RECOMMENDATIONS          VIEW
MVIEW_WORKLOAD                 VIEW

TNAME                          TABTYPE  CLUSTERID
------------------------------ ------- ----------
OL$                            TABLE
OL$HINTS                       TABLE
OL$NODES                       TABLE
PRODUCT_PRIVS                  VIEW
PRODUCT_USER_PROFILE           SYNONYM
PUBLICSYN                      SYNONYM
REPCAT$_AUDIT_ATTRIBUTE        TABLE
REPCAT$_AUDIT_COLUMN           TABLE
REPCAT$_COLUMN_GROUP           TABLE
REPCAT$_CONFLICT               TABLE
REPCAT$_DDL                    TABLE

TNAME                          TABTYPE  CLUSTERID
------------------------------ ------- ----------
REPCAT$_EXCEPTIONS             TABLE
REPCAT$_EXTENSION              TABLE
REPCAT$_FLAVORS                TABLE
REPCAT$_FLAVOR_OBJECTS         TABLE
REPCAT$_GENERATED              TABLE
REPCAT$_GROUPED_COLUMN         TABLE
REPCAT$_INSTANTIATION_DDL      TABLE
REPCAT$_KEY_COLUMNS            TABLE
REPCAT$_OBJECT_PARMS           TABLE
REPCAT$_OBJECT_TYPES           TABLE
REPCAT$_PARAMETER_COLUMN       TABLE

TNAME                          TABTYPE  CLUSTERID
------------------------------ ------- ----------
REPCAT$_PRIORITY               TABLE
REPCAT$_PRIORITY_GROUP         TABLE
REPCAT$_REFRESH_TEMPLATES      TABLE
REPCAT$_REPCAT                 TABLE
REPCAT$_REPCATLOG              TABLE
REPCAT$_REPCOLUMN              TABLE
REPCAT$_REPGROUP_PRIVS         TABLE
REPCAT$_REPOBJECT              TABLE
REPCAT$_REPPROP                TABLE
REPCAT$_REPSCHEMA              TABLE
REPCAT$_RESOLUTION             TABLE

TNAME                          TABTYPE  CLUSTERID
------------------------------ ------- ----------
REPCAT$_RESOLUTION_METHOD      TABLE
REPCAT$_RESOLUTION_STATISTICS  TABLE
REPCAT$_RESOL_STATS_CONTROL    TABLE
REPCAT$_RUNTIME_PARMS          TABLE
REPCAT$_SITES_NEW              TABLE
REPCAT$_SITE_OBJECTS           TABLE
REPCAT$_SNAPGROUP              TABLE
REPCAT$_TEMPLATE_OBJECTS       TABLE
REPCAT$_TEMPLATE_PARMS         TABLE
REPCAT$_TEMPLATE_REFGROUPS     TABLE
REPCAT$_TEMPLATE_SITES         TABLE

TNAME                          TABTYPE  CLUSTERID
------------------------------ ------- ----------
REPCAT$_TEMPLATE_STATUS        TABLE
REPCAT$_TEMPLATE_TARGETS       TABLE
REPCAT$_TEMPLATE_TYPES         TABLE
REPCAT$_USER_AUTHORIZATIONS    TABLE
REPCAT$_USER_PARM_VALUES       TABLE
SQLPLUS_PRODUCT_PROFILE        TABLE
SYSCATALOG                     SYNONYM
SYSFILES                       SYNONYM
TAB                            SYNONYM
TABQUOTAS                      SYNONYM

175 rows selected.

SQL> DESC INTL;
 Name                                      Null?    Type
 ----------------------------------------- -------- ----------------------------
 ID                                                 NUMBER(5)
 NAME                                               VARCHAR2(20)

SQL> INSERT INTO INTL VALUES (1,'SAS');

1 row created.

SQL> SELECT * FROM INTL;

        ID NAME
---------- --------------------
         1 SAS

SQL> INSERT INTO INTL VALUES (2,'RAH')
  2  INSERT INTO INTL VALUES (3,'VIC');
INSERT INTO INTL VALUES (3,'VIC')
*
ERROR at line 2:
ORA-00933: SQL command not properly ended


SQL> INSERT INTO INTL VALUES (2,'RAH');

1 row created.

SQL> SELECT * FROM INTL;

        ID NAME
---------- --------------------
         1 SAS
         2 RAH

SQL> ALTER TABLE INTL ADD (SAL NUMBER(6));

Table altered.

SQL> UPDATE INTL SET SAL=1000 WHERE ID=1;

1 row updated.

SQL> SELECT * FROM INTL;

        ID NAME                        SAL
---------- -------------------- ----------
         1 SAS                        1000
         2 RAH

SQL> DELETE FROM INTL;

2 rows deleted.

SQL> ROLLBACK
  2  ;

Rollback complete.

SQL> SELECT * FROM INTL;

        ID NAME                        SAL
---------- -------------------- ----------
         1 SAS
         2 RAH

SQL> UPDATE INTL SET SAL=5000 WHERE ID=1;

1 row updated.

SQL> UPDATE INTL SET SAL=100 WHERE ID=2;

1 row updated.

SQL> SELECT * FROM INTL;

        ID NAME                        SAL
---------- -------------------- ----------
         1 SAS                        5000
         2 RAH                         100

SQL> SELECT * FROM INTL WHERE SAL>2000;

        ID NAME                        SAL
---------- -------------------- ----------
         1 SAS                        5000

SQL> CLR SCR
SP2-0042: unknown command "CLR SCR" - rest of line ignored.
SQL> CLS SCR
SP2-0042: unknown command "CLS SCR" - rest of line ignored.
SQL> CLS
SP2-0042: unknown command "CLS" - rest of line ignored.
SQL> CREATE TABLE CDAC(ID NUMBER(4),NAME VARCHAR2(20);
CREATE TABLE CDAC(ID NUMBER(4),NAME VARCHAR2(20)
                                               *
ERROR at line 1:
ORA-00907: missing right parenthesis


SQL> CREATE TABLE CDAC(ID NUMBER(4),NAME VARCHAR2(20));

Table created.

SQL> INSERT INTO CDAC VALUES(1,'VINCi');

1 row created.

SQL> INSERT INTO CDAC VALUES(2,'ERIC');

1 row created.

SQL> INSERT INTO CDAC VALUES(3,'YANN');

1 row created.

SQL> INSERT INTO CDAC VALUES(4,'');

1 row created.

SQL> SELECT * FROM CDAC;

        ID NAME
---------- --------------------
         1 VINCi
         2 ERIC
         3 YANN
         4

SQL> COMMIT;

Commit complete.

SQL> ALTER TABLE CDAC ADD(SAL NUMBER(4));

Table altered.

SQL> ALTER TABLE CDAC ADD(HIREDATE DATE);

Table altered.

SQL> UPDATE CDAC SET SAL=1000,HIREDATE=17-JUN-2018 WHERE ID=1;
UPDATE CDAC SET SAL=1000,HIREDATE=17-JUN-2018 WHERE ID=1
                                     *
ERROR at line 1:
ORA-00904: "JUN": invalid identifier


SQL> UPDATE CDAC SET SAL=1000,HIREDATE=17-09-2018 WHERE ID=1;
UPDATE CDAC SET SAL=1000,HIREDATE=17-09-2018 WHERE ID=1
                                       *
ERROR at line 1:
ORA-00932: inconsistent datatypes: expected DATE got NUMBER


SQL> UPDATE CDAC SET SAL=1000,HIREDATE=17092018 WHERE ID=1;
UPDATE CDAC SET SAL=1000,HIREDATE=17092018 WHERE ID=1
                                  *
ERROR at line 1:
ORA-00932: inconsistent datatypes: expected DATE got NUMBER


SQL> UPDATE CDAC SET SAL=1000,HIREDATE='17-JUN-2018' WHERE ID=1;

1 row updated.

SQL> UPDATE CDAC SET SAL=3000,HIREDATE='19-SEPT-2018' WHERE ID=2;
UPDATE CDAC SET SAL=3000,HIREDATE='19-SEPT-2018' WHERE ID=2
                                  *
ERROR at line 1:
ORA-01841: (full) year must be between -4713 and +9999, and not be 0


SQL> UPDATE CDAC SET SAL=3000,HIREDATE='19-SEP-2018' WHERE ID=2;

1 row updated.

SQL> UPDATE CDAC SET SAL=10000,HIREDATE='20-DEC-2018' WHERE ID=3;
UPDATE CDAC SET SAL=10000,HIREDATE='20-DEC-2018' WHERE ID=3
                    *
ERROR at line 1:
ORA-01438: value larger than specified precision allowed for this column


SQL> UPDATE CDAC SET SAL=10000,HIREDATE='20-JUL-2018' WHERE ID=3;
UPDATE CDAC SET SAL=10000,HIREDATE='20-JUL-2018' WHERE ID=3
                    *
ERROR at line 1:
ORA-01438: value larger than specified precision allowed for this column


SQL> UPDATE CDAC SET SAL=5000,HIREDATE='20-JUL-2018' WHERE ID=3;

1 row updated.

SQL> COMMIT
  2  ;

Commit complete.

SQL> SELECT * FROM CDAC;

        ID NAME                        SAL HIREDATE
---------- -------------------- ---------- ---------
         1 VINCi                      1000 17-JUN-18
         2 ERIC                       3000 19-SEP-18
         3 YANN                       5000 20-JUL-18
         4

SQL> ALTER TABLE CDAC MODIFY(SAL NUMBER(6));

Table altered.

SQL> ALTER TABLE CDAC RENAME SAL TO SALARY;
ALTER TABLE CDAC RENAME SAL TO SALARY
                        *
ERROR at line 1:
ORA-14155: missing PARTITION or SUBPARTITION keyword


SQL> ALTER TABLE CDAC RENAME COLUMN SAL TO SALARY;

Table altered.

SQL> INSERT INTO CDAC VALUES(1,'VINCi',10000,'17-JUN-2018');

1 row created.

SQL> SELECT * FROM CDAC;

        ID NAME                     SALARY HIREDATE
---------- -------------------- ---------- ---------
         1 VINCi                      1000 17-JUN-18
         2 ERIC                       3000 19-SEP-18
         3 YANN                       5000 20-JUL-18
         4
         1 VINCi                     10000 17-JUN-18

SQL> SELECT ROWID,ID,NAME FROM CDAC;

ROWID                      ID NAME
------------------ ---------- --------------------
AAAE5fAABAAALCxAAA          1 VINCi
AAAE5fAABAAALCxAAB          2 ERIC
AAAE5fAABAAALCxAAC          3 YANN
AAAE5fAABAAALCxAAD          4
AAAE5fAABAAALCxAAE          1 VINCi

SQL> DELETE FROM CDAC WHERE ROWID='AAAE5fAABAAALCxAAE';

1 row deleted.

SQL>